\BOOKMARK [0][-]{section*.1}{\376\377\166\356\137\125}{}% 1
\BOOKMARK [0][-]{section*.2}{\376\377\143\322\126\376}{}% 2
\BOOKMARK [0][-]{section*.3}{\376\377\210\150\150\074}{}% 3
\BOOKMARK [0][-]{chapter*.4}{\376\377\201\364\214\042}{}% 4
\BOOKMARK [0][-]{chapter*.5}{\376\377\130\360\146\016}{}% 5
\BOOKMARK [0][-]{chapter*.6}{\376\377\144\130\211\201}{}% 6
\BOOKMARK [0][-]{chapter.1}{\376\377\137\025\212\000}{}% 7
\BOOKMARK [1][-]{section.1.1}{\376\377\170\024\172\166\200\314\146\157}{chapter.1}% 8
\BOOKMARK [1][-]{section.1.2}{\376\377\225\356\230\230\133\232\116\111\116\016\170\024\172\166\172\172\166\175}{chapter.1}% 9
\BOOKMARK [1][-]{section.1.3}{\376\377\170\024\172\166\166\356\150\007\116\016\225\356\230\230}{chapter.1}% 10
\BOOKMARK [1][-]{section.1.4}{\376\377\170\024\172\166\166\356\150\007\116\016\142\020\122\237\150\007\121\306}{chapter.1}% 11
\BOOKMARK [0][-]{chapter.2}{\376\377\145\207\163\056\176\374\217\360}{}% 12
\BOOKMARK [1][-]{section.2.1}{\376\377\117\134\116\072\123\357\142\147\210\114\134\102\176\247\166\204\210\114\116\072\150\021}{chapter.2}% 13
\BOOKMARK [1][-]{section.2.2}{\376\377\202\202\160\271\040\023\217\336\176\277\150\021\116\016\142\151\134\125\140\047}{chapter.2}% 14
\BOOKMARK [1][-]{section.2.3}{\376\377\161\046\160\271\060\001\116\012\116\013\145\207\116\016\151\202\211\310}{chapter.2}% 15
\BOOKMARK [1][-]{section.2.4}{\376\377\131\015\147\102\136\246\173\241\164\006\116\016\137\303\164\006\127\060\126\376}{chapter.2}% 16
\BOOKMARK [1][-]{section.2.5}{\376\377\217\320\210\114\145\366\211\343\221\312\116\016\131\061\215\045\133\232\117\115}{chapter.2}% 17
\BOOKMARK [1][-]{section.2.6}{\376\377\170\024\172\166\172\172\166\175\116\016\213\276\213\241\124\057\171\072}{chapter.2}% 18
\BOOKMARK [0][-]{chapter.3}{\376\377\170\024\172\166\145\271\154\325}{}% 19
\BOOKMARK [1][-]{section.3.1}{\376\377\170\024\172\166\173\126\165\145}{chapter.3}% 20
\BOOKMARK [1][-]{section.3.2}{\376\377\133\236\232\214\126\340\175\040\116\016\145\160\143\156\226\306}{chapter.3}% 21
\BOOKMARK [1][-]{section.3.3}{\376\377\123\327\143\247\131\032\211\304\152\041\146\076\171\072\116\016\142\326\142\375\133\236\232\214}{chapter.3}% 22
\BOOKMARK [1][-]{section.3.4}{\376\377\162\151\164\006\134\117\136\125\134\072\133\370\133\236\232\214}{chapter.3}% 23
\BOOKMARK [1][-]{section.3.5}{\376\377\123\357\163\251\150\021\165\037\140\001\146\076\171\072\150\041\232\214}{chapter.3}% 24
\BOOKMARK [1][-]{section.3.6}{\376\377\153\143\170\156\140\047\116\016\226\306\142\020\213\304\117\060}{chapter.3}% 25
\BOOKMARK [1][-]{section.3.7}{\376\377\211\306\211\311\232\214\213\301}{chapter.3}% 26
\BOOKMARK [1][-]{section.3.8}{\376\377\147\011\145\110\140\047\116\016\123\357\131\015\163\260\140\047}{chapter.3}% 27
\BOOKMARK [0][-]{chapter.4}{\376\377\174\373\176\337\213\276\213\241\116\016\133\236\163\260}{}% 28
\BOOKMARK [1][-]{section.4.1}{\376\377\147\266\147\204\116\016\230\171\166\356\217\271\165\114}{chapter.4}% 29
\BOOKMARK [1][-]{section.4.2}{\376\377\215\104\156\220\152\041\127\213\116\016\150\041\232\214}{chapter.4}% 30
\BOOKMARK [1][-]{section.4.3}{\376\377\217\320\210\114\145\366\213\355\116\111}{chapter.4}% 31
\BOOKMARK [1][-]{section.4.4}{\376\377\177\026\217\221\126\150\177\026\121\231\135\345\117\134\155\101}{chapter.4}% 32
\BOOKMARK [1][-]{section.4.5}{\376\377\000L\000i\000v\000e\000\040\000D\000e\000b\000u\000g\000\040\116\016\236\321\147\177\150\300\147\345}{chapter.4}% 33
\BOOKMARK [1][-]{section.4.6}{\376\377\131\047\127\213\150\021\146\076\171\072\147\072\122\066}{chapter.4}% 34
\BOOKMARK [2][-]{subsection.4.6.1}{\376\377\117\341\140\157\133\306\136\246\143\247\122\066}{section.4.6}% 35
\BOOKMARK [2][-]{subsection.4.6.2}{\376\377\166\356\150\007\133\232\117\115\116\016\116\012\116\013\145\207\143\247\122\066}{section.4.6}% 36
\BOOKMARK [1][-]{section.4.7}{\376\377\162\151\164\006\134\117\136\125\133\236\232\214\127\372\170\100\213\276\145\275}{chapter.4}% 37
\BOOKMARK [1][-]{section.4.8}{\376\377\157\024\171\072\156\070\142\017}{chapter.4}% 38
\BOOKMARK [0][-]{chapter.5}{\376\377\176\323\147\234\116\016\122\006\147\220}{}% 39
\BOOKMARK [1][-]{section.5.1}{\376\377\122\237\200\375\153\143\170\156\140\047}{chapter.5}% 40
\BOOKMARK [1][-]{section.5.2}{\376\377\123\327\143\247\131\032\211\304\152\041\146\076\171\072\176\323\147\234}{chapter.5}% 41
\BOOKMARK [1][-]{section.5.3}{\376\377\162\151\164\006\134\117\136\125\134\072\133\370\176\323\147\234}{chapter.5}% 42
\BOOKMARK [1][-]{section.5.4}{\376\377\162\110\147\054\123\026\142\326\142\375\116\244\116\222\176\323\147\234}{chapter.5}% 43
\BOOKMARK [1][-]{section.5.5}{\376\377\123\357\163\251\000\040\0002\0004\0001\000\040\202\202\160\271\150\021\146\076\171\072\176\323\147\234}{chapter.5}% 44
\BOOKMARK [1][-]{section.5.6}{\376\377\211\306\211\311\126\336\137\122\123\321\163\260}{chapter.5}% 45
\BOOKMARK [1][-]{section.5.7}{\376\377\133\371\136\224\170\024\172\166\225\356\230\230\166\204\176\323\147\234}{chapter.5}% 46
\BOOKMARK [0][-]{chapter.6}{\376\377\213\250\213\272}{}% 47
\BOOKMARK [1][-]{section.6.1}{\376\377\133\236\232\214\136\163\123\360\166\204\153\143\170\156\140\047\116\016\217\271\165\114}{chapter.6}% 48
\BOOKMARK [1][-]{section.6.2}{\376\377\146\076\171\072\176\323\147\234\166\204\211\343\221\312}{chapter.6}% 49
\BOOKMARK [1][-]{section.6.3}{\376\377\123\357\227\140\140\047\116\016\123\321\136\003}{chapter.6}% 50
\BOOKMARK [1][-]{section.6.4}{\376\377\147\011\145\110\140\047\132\001\200\301}{chapter.6}% 51
\BOOKMARK [2][-]{subsection.6.4.1}{\376\377\147\204\137\365\147\011\145\110\140\047}{section.6.4}% 52
\BOOKMARK [2][-]{subsection.6.4.2}{\376\377\121\205\220\350\147\011\145\110\140\047}{section.6.4}% 53
\BOOKMARK [2][-]{subsection.6.4.3}{\376\377\131\026\220\350\147\011\145\110\140\047}{section.6.4}% 54
\BOOKMARK [2][-]{subsection.6.4.4}{\376\377\170\024\172\166\200\005\116\016\116\272\117\123\147\011\145\110\140\047\217\271\165\114}{section.6.4}% 55
\BOOKMARK [1][-]{section.6.5}{\376\377\133\236\215\365\124\057\171\072}{chapter.6}% 56
\BOOKMARK [0][-]{chapter.7}{\376\377\176\323\213\272}{}% 57
\BOOKMARK [1][-]{section.7.1}{\376\377\140\073\176\323}{chapter.7}% 58
\BOOKMARK [1][-]{section.7.2}{\376\377\215\041\163\056}{chapter.7}% 59
\BOOKMARK [1][-]{section.7.3}{\376\377\134\100\226\120}{chapter.7}% 60
\BOOKMARK [1][-]{section.7.4}{\376\377\147\052\147\145\135\345\117\134}{chapter.7}% 61
\BOOKMARK [1][-]{section.7.5}{\376\377\147\000\176\310\176\323\213\272}{chapter.7}% 62
\BOOKMARK [0][-]{chapter*.7}{\376\377\123\302\200\003\145\207\163\056}{}% 63
\BOOKMARK [0][-]{appendix.A}{\376\377\121\155\171\315\133\236\232\214\147\141\116\366\123\302\200\003}{}% 64
\BOOKMARK [0][-]{appendix.B}{\376\377\131\015\163\260\116\016\213\301\143\156\175\042\137\025}{}% 65
\BOOKMARK [0][-]{appendix.C}{\376\377\122\035\172\077\133\214\142\020\156\005\123\125}{}% 66
